
> app@0.1.0 build
> next build

Ôû▓ Next.js 16.1.6 (Turbopack)
- Environments: .env.local

node.exe : ÔÜá The "middleware" file 
convention is deprecated. Please use 
"proxy" instead. Learn more: https://next
js.org/docs/messages/middleware-to-proxy
En línea: 1 Carácter: 1
+ & "C:\Program Files\nodejs/node.exe" 
"C:\Program Files\nodejs/node_mo ...
+ ~~~~~~~~~~~~~~~~~~~~~~~~~~~~~~~~~~~~~~~
~~~~~~~~~~~~~~~~~~~~~~~~~~~~~~
    + CategoryInfo          : NotSpecifi 
   ed: (ÔÜá The "middle...leware-to-pro  
  xy:String) [], RemoteException
    + FullyQualifiedErrorId : NativeComm 
   andError
 
  Creating an optimized production build ...
Ô£ô Compiled successfully in 5.1s
  Running TypeScript ...
Failed to compile.

./create-resources-bucket.ts:2:25
Type error: Cannot find module 'dotenv' 
or its corresponding type declarations.

[0m [90m 1 |[39m [36mimport[39m { 
createClient } [36mfrom[39m [32m'@supa
base/supabase-js'[39m[33m;[39m
[31m[1m>[22m[39m[90m 2 |[39m 
[36mimport[39m [33m*[39m 
[36mas[39m dotenv [36mfrom[39m 
[32m'dotenv'[39m[33m;[39m
 [90m   |[39m                         
[31m[1m^[22m[39m
 [90m 3 |[39m [36mimport[39m { 
resolve } [36mfrom[39m 
[32m'path'[39m[33m;[39m
 [90m 4 |[39m
 [90m 5 |[39m 
dotenv[33m.[39mconfig({ 
path[33m:[39m resolve(process[33m.[39
mcwd()[33m,[39m 
[32m'.env.local'[39m) })[33m;[39m[0m
Next.js build worker exited with code: 1 
and signal: null
